node.exe :  ΓÜá Warning: Next.js inferred your workspace 
root, but it may not be correct.
At line:1 char:1
+ & "C:\Program Files\nodejs/node.exe" "C:\Program 
Files\nodejs/node_mo ...
+ ~~~~~~~~~~~~~~~~~~~~~~~~~~~~~~~~~~~~~~~~~~~~~~~~~~~~~~~~~~~
~~~~~~~~~~
    + CategoryInfo          : NotSpecified: ( ΓÜá Warning: N 
   ...not be correct.:String) [], RemoteException
    + FullyQualifiedErrorId : NativeCommandError
 
 We detected multiple lockfiles and selected the directory 
of C:\Users\Administrator\package-lock.json as the root 
directory.
 To silence this warning, set `outputFileTracingRoot` in 
your Next.js config, or consider removing one of the 
lockfiles if it's not needed.
   See https://nextjs.org/docs/app/api-reference/config/next-
config-js/output#caveats for more information.
 Detected additional lockfiles: 
   * C:\Users\Administrator\Desktop\nexjob\tugasincms-neon\pa
ckage-lock.json

   Γû▓ Next.js 15.5.4
   - Environments: .env
   - Experiments (use with caution):
     ┬╖ serverActions

   Creating an optimized production build ...
 Γ£ô Compiled successfully in 7.9s
   Linting and checking validity of types ...

 ΓÜá The Next.js plugin was not detected in your ESLint 
configuration. See https://nextjs.org/docs/app/api-reference/
config/eslint#migrating-existing-config

./app/(dashboard)/job-posts/page.tsx
3:10  Warning: 'useState' is defined but never used.  @typescript-eslint/no-unused-vars
42:29  Warning: 'postId' is defined but never used. Allowed unused args must match /^_/u.  @typescript-eslint/no-unused-vars

./app/(dashboard)/pages/page.tsx
29:29  Warning: 'pageId' is defined but never used. Allowed unused args must match /^_/u.  @typescript-eslint/no-unused-vars

./app/(dashboard)/settings/advertisements/page.tsx
13:36  Warning: 'Eye' is defined but never used.  @typescript-eslint/no-unused-vars
13:49  Warning: 'AlertCircle' is defined but never used.  @typescript-eslint/no-unused-vars
124:63  Warning: Unexpected any. Specify a different type.  @typescript-eslint/no-explicit-any

./app/(dashboard)/settings/page.tsx
4:10  Warning: 'Button' is defined but never used.  @typescript-eslint/no-unused-vars

./app/(dashboard)/settings/seo/page.tsx
11:10  Warning: 'Badge' is defined but never used.  @typescript-eslint/no-unused-vars
146:63  Warning: Unexpected any. Specify a different type.  @typescript-eslint/no-explicit-any

./app/api/categories/route.ts
9:27  Warning: 'request' is defined but never used. Allowed unused args must match /^_/u.  @typescript-eslint/no-unused-vars

./app/api/job-categories/route.ts
14:27  Warning: 'request' is defined but never used. Allowed unused args must match /^_/u.  @typescript-eslint/no-unused-vars

./app/api/job-data/education-levels/route.ts
14:27  Warning: 'request' is defined but never used. Allowed unused args must match /^_/u.  @typescript-eslint/no-unused-vars

./app/api/job-data/employment-types/route.ts
14:27  Warning: 'request' is defined but never used. Allowed unused args must match /^_/u.  @typescript-eslint/no-unused-vars

./app/api/job-data/experience-levels/route.ts
16:27  Warning: 'request' is defined but never used. Allowed unused args must match /^_/u.  @typescript-eslint/no-unused-vars

./app/api/job-posts/route.ts
59:18  Warning: Unexpected any. Specify a different type.  @typescript-eslint/no-explicit-any
177:58  Warning: Unexpected any. Specify a different type.  @typescript-eslint/no-explicit-any

./app/api/job-tags/route.ts
13:27  Warning: 'request' is defined but never used. Allowed unused args must match /^_/u.  @typescript-eslint/no-unused-vars

./app/api/location/provinces/route.ts
8:27  Warning: 'request' is defined but never used. Allowed unused args must match /^_/u.  @typescript-eslint/no-unused-vars

./app/api/pages/bulk-delete/route.ts
38:60  Warning: Unexpected any. Specify a different type.  @typescript-eslint/no-explicit-any
45:66  Warning: Unexpected any. Specify a different type.  @typescript-eslint/no-explicit-any

./app/api/pages/route.ts
299:64  Warning: Unexpected any. Specify a different type.  @typescript-eslint/no-explicit-any
390:57  Warning: Unexpected any. Specify a different type.  @typescript-eslint/no-explicit-any

./app/api/pages/[id]/route.ts
48:59  Warning: Unexpected any. Specify a different type.  @typescript-eslint/no-explicit-any
154:60  Warning: Unexpected any. Specify a different type.  @typescript-eslint/no-explicit-any

./app/api/posts/bulk-delete/route.ts
39:45  Warning: Unexpected any. Specify a different type.  @typescript-eslint/no-explicit-any
49:51  Warning: Unexpected any. Specify a different type.  @typescript-eslint/no-explicit-any

./app/api/posts/route.ts
324:64  Warning: Unexpected any. Specify a different type.  @typescript-eslint/no-explicit-any
415:57  Warning: Unexpected any. Specify a different type.  @typescript-eslint/no-explicit-any

./app/api/posts/[id]/route.ts
55:49  Warning: Unexpected any. Specify a different type.  @typescript-eslint/no-explicit-any
166:57  Warning: Unexpected any. Specify a different type.  @typescript-eslint/no-explicit-any

./app/api/public/posts/route.ts
72:65  Warning: Unexpected any. Specify a different type.  @typescript-eslint/no-explicit-any

./app/api/public/posts/[id]/route.ts
66:56  Warning: Unexpected any. Specify a different type.  @typescript-eslint/no-explicit-any

./app/api/settings/custom-post-types/route.ts
6:27  Warning: 'request' is defined but never used. Allowed unused args must match /^_/u.  @typescript-eslint/no-unused-vars

./app/api/tags/route.ts
4:27  Warning: 'errorResponse' is defined but never used.  @typescript-eslint/no-unused-vars
9:41  Warning: 'request' is defined but never used. Allowed unused args must match /^_/u.  @typescript-eslint/no-unused-vars
9:63  Warning: 'userId' is defined but never used. Allowed unused args must match /^_/u.  @typescript-eslint/no-unused-vars
27:64  Warning: 'userId' is defined but never used. Allowed unused args must match /^_/u.  @typescript-eslint/no-unused-vars

./app/api/v1/categories/route.ts
63:68  Warning: Unexpected any. Specify a different type.  @typescript-eslint/no-explicit-any

./app/api/v1/categories/[id]/route.ts
91:51  Warning: Unexpected any. Specify a different type.  @typescript-eslint/no-explicit-any

./app/api/v1/job-posts/route.ts
75:18  Warning: Unexpected any. Specify a different type.  @typescript-eslint/no-explicit-any
87:46  Warning: Unexpected any. Specify a different type.  @typescript-eslint/no-explicit-any
87:60  Warning: Unexpected any. Specify a different type.  @typescript-eslint/no-explicit-any
535:58  Warning: Unexpected any. Specify a different type.  @typescript-eslint/no-explicit-any

./app/api/v1/pages/route.ts
101:56  Warning: Unexpected any. Specify a different type.  @typescript-eslint/no-explicit-any

./app/api/v1/pages/[id]/route.ts
91:49  Warning: Unexpected any. Specify a different type.  @typescript-eslint/no-explicit-any

./app/api/v1/posts/route.ts
101:56  Warning: Unexpected any. Specify a different type.  @typescript-eslint/no-explicit-any

./app/api/v1/posts/[id]/route.ts
66:56  Warning: Unexpected any. Specify a different type.  @typescript-eslint/no-explicit-any

./app/api/v1/robots.txt/route.ts
6:27  Warning: 'request' is defined but never used. Allowed unused args must match /^_/u.  @typescript-eslint/no-unused-vars

./app/api/v1/settings/advertisements/route.ts
171:16  Warning: 'e' is defined but never used.  @typescript-eslint/no-unused-vars

./app/api/v1/settings/seo/route.ts
131:58  Warning: Unexpected any. Specify a different type.  @typescript-eslint/no-explicit-any

./app/api/v1/sitemaps/generate/route.ts
24:5  Warning: Unexpected console statement. Only these console methods are allowed: warn, error.  no-console

./app/api/v1/sitemaps/[...path]/route.ts
58:7  Warning: Unexpected console statement. Only these console methods are allowed: warn, error.  no-console

./app/api/v1/tags/route.ts
49:51  Warning: Unexpected any. Specify a different type.  @typescript-eslint/no-explicit-any

./app/api/v1/tags/[id]/route.ts
91:51  Warning: Unexpected any. Specify a different type.  @typescript-eslint/no-explicit-any

./components/job-posts/job-categories-list.tsx
7:29  Warning: 'CardHeader' is defined but never used.  @typescript-eslint/no-unused-vars
7:41  Warning: 'CardTitle' is defined but never used.  @typescript-eslint/no-unused-vars

./components/job-posts/job-post-editor.tsx
9:10  Warning: 'Badge' is defined but never used.  @typescript-eslint/no-unused-vars
15:24  Warning: 'Upload' is defined but never used.  @typescript-eslint/no-unused-vars
63:19  Warning: Unexpected any. Specify a different type.  @typescript-eslint/no-explicit-any
68:60  Warning: 'onPublish' is defined but never used. Allowed unused args must match /^_/u.  @typescript-eslint/no-unused-vars
389:52  Warning: Unexpected any. Specify a different type.  @typescript-eslint/no-explicit-any
400:50  Warning: Unexpected any. Specify a different type.  @typescript-eslint/no-explicit-any
514:55  Warning: Unexpected any. Specify a different type.  @typescript-eslint/no-explicit-any
571:53  Warning: Unexpected any. Specify a different type.  @typescript-eslint/no-explicit-any
808:44  Warning: Unexpected any. Specify a different type.  @typescript-eslint/no-explicit-any

./components/job-posts/job-posts-list.tsx
53:10  Warning: 'loading' is assigned a value but never used.  @typescript-eslint/no-unused-vars
65:10  Warning: 'jobCategories' is assigned a value but never used.  @typescript-eslint/no-unused-vars
96:44  Warning: Unexpected any. Specify a different type.  @typescript-eslint/no-explicit-any
112:44  Warning: Unexpected any. Specify a different type.  @typescript-eslint/no-explicit-any
123:44  Warning: Unexpected any. Specify a different type.  @typescript-eslint/no-explicit-any
134:44  Warning: Unexpected any. Specify a different type.  @typescript-eslint/no-explicit-any

./components/job-posts/job-tags-list.tsx
7:29  Warning: 'CardHeader' is defined but never used.  @typescript-eslint/no-unused-vars
7:41  Warning: 'CardTitle' is defined but never used.  @typescript-eslint/no-unused-vars

./components/layout/app-sidebar.tsx
10:3  Warning: 'PlusCircle' is defined but never used.  @typescript-eslint/no-unused-vars
78:10  Warning: 'customPostTypes' is assigned a value but never used.  @typescript-eslint/no-unused-vars
104:30  Warning: Unexpected any. Specify a different type.  @typescript-eslint/no-explicit-any
168:41  Warning: Unexpected any. Specify a different type.  @typescript-eslint/no-explicit-any

./components/pages/page-editor.tsx
32:9  Warning: Unexpected any. Specify a different type.  @typescript-eslint/no-explicit-any
105:14  Warning: 'error' is defined but never used.  @typescript-eslint/no-unused-vars
131:14  Warning: 'error' is defined but never used.  @typescript-eslint/no-unused-vars
174:14  Warning: 'error' is defined but never used.  @typescript-eslint/no-unused-vars
207:52  Warning: Unexpected any. Specify a different type.  @typescript-eslint/no-explicit-any
243:16  Warning: 'error' is defined but never used.  @typescript-eslint/no-unused-vars
363:14  Warning: 'error' is defined but never used.  @typescript-eslint/no-unused-vars
411:14  Warning: 'error' is defined but never used.  @typescript-eslint/no-unused-vars

./components/pages/pages-list.tsx
81:44  Warning: Unexpected any. Specify a different type.  @typescript-eslint/no-explicit-any
97:44  Warning: Unexpected any. Specify a different type.  @typescript-eslint/no-explicit-any

./components/posts/post-editor.tsx
54:10  Warning: 'loading' is assigned a value but never used.  @typescript-eslint/no-unused-vars
170:52  Warning: Unexpected any. Specify a different type.  @typescript-eslint/no-explicit-any

./components/posts/posts-list.tsx
12:68  Warning: 'Loader2' is defined but never used.  @typescript-eslint/no-unused-vars
15:10  Warning: 'ImageWithFallback' is defined but never used.  @typescript-eslint/no-unused-vars
28:10  Warning: 'loading' is assigned a value but never used.  @typescript-eslint/no-unused-vars
63:44  Warning: Unexpected any. Specify a different type.  @typescript-eslint/no-explicit-any
79:44  Warning: Unexpected any. Specify a different type.  @typescript-eslint/no-explicit-any

./components/settings/categories-list.tsx
7:29  Warning: 'CardHeader' is defined but never used.  @typescript-eslint/no-unused-vars
7:41  Warning: 'CardTitle' is defined but never used.  @typescript-eslint/no-unused-vars

./components/settings/custom-post-types-settings.tsx
41:14  Warning: 'error' is defined but never used.  @typescript-eslint/no-unused-vars
75:14  Warning: 'error' is defined but never used.  @typescript-eslint/no-unused-vars

./components/settings/tags-list.tsx
7:29  Warning: 'CardHeader' is defined but never used.  @typescript-eslint/no-unused-vars
7:41  Warning: 'CardTitle' is defined but never used.  @typescript-eslint/no-unused-vars

./lib/api-client.ts
51:41  Warning: Unexpected any. Specify a different type.  @typescript-eslint/no-explicit-any
58:40  Warning: Unexpected any. Specify a different type.  @typescript-eslint/no-explicit-any
65:44  Warning: Unexpected any. Specify a different type.  @typescript-eslint/no-explicit-any

./lib/auth.ts
94:61  Warning: Unexpected any. Specify a different type.  @typescript-eslint/no-explicit-any
96:49  Warning: Unexpected any. Specify a different type.  @typescript-eslint/no-explicit-any
125:39  Warning: 'context' is defined but never used. Allowed unused args must match /^_/u.  @typescript-eslint/no-unused-vars
125:49  Warning: Unexpected any. Specify a different type.  @typescript-eslint/no-explicit-any

./lib/cache.ts
52:9  Warning: Unexpected console statement. Only these console methods are allowed: warn, error.  no-console
66:9  Warning: Unexpected console statement. Only these console methods are allowed: warn, error.  no-console
98:56  Warning: Unexpected any. Specify a different type.  @typescript-eslint/no-explicit-any
134:11  Warning: 'totalDeleted' is assigned a value but never used.  @typescript-eslint/no-unused-vars

./lib/response.ts
4:34  Warning: Unexpected any. Specify a different type.  @typescript-eslint/no-explicit-any

./lib/sitemap.ts
148:24  Warning: Unexpected any. Specify a different type.  @typescript-eslint/no-explicit-any
154:78  Warning: Unexpected any. Specify a different type.  @typescript-eslint/no-explicit-any
190:64  Warning: Unexpected any. Specify a different type.  @typescript-eslint/no-explicit-any
249:35  Warning: Unexpected any. Specify a different type.  @typescript-eslint/no-explicit-any
296:24  Warning: Unexpected any. Specify a different type.  @typescript-eslint/no-explicit-any
302:77  Warning: Unexpected any. Specify a different type.  @typescript-eslint/no-explicit-any
352:43  Warning: 'requestHost' is defined but never used. Allowed unused args must match /^_/u.  @typescript-eslint/no-unused-vars
464:3  Warning: Unexpected console statement. Only these console methods are allowed: warn, error.  no-console

./lib/url-utils.ts
37:12  Warning: 'error' is defined but never used.  @typescript-eslint/no-unused-vars
68:12  Warning: 'error' is defined but never used.  @typescript-eslint/no-unused-vars
93:12  Warning: 'error' is defined but never used.  @typescript-eslint/no-unused-vars
142:12  Warning: 'error' is defined but never used.  @typescript-eslint/no-unused-vars

info  - Need to disable some ESLint rules? Learn more here: https://nextjs.org/docs/app/api-reference/config/eslint#disabling-rules
   Collecting page data ...
   Generating static pages (0/43) ...
   Generating static pages (10/43) 
   Generating static pages (21/43) 
   Generating static pages (32/43) 
 Γ£ô Generating static pages (43/43)
   Finalizing page optimization ...
   Collecting build traces ...

Route (app)                                         Size  First Load JS
Γöî Γùï /                                              290 B         102 kB
Γö£ Γùï /_not-found                                     1 kB         103 kB
Γö£ ╞Æ /api/categories                                290 B         102 kB
Γö£ ╞Æ /api/categories/[id]                           290 B         102 kB
Γö£ ╞Æ /api/categories/bulk-delete                    290 B         102 kB
Γö£ ╞Æ /api/health                                    290 B         102 kB
Γö£ ╞Æ /api/job-categories                            290 B         102 kB
Γö£ ╞Æ /api/job-categories/[id]                       290 B         102 kB
Γö£ ╞Æ /api/job-categories/bulk-delete                290 B         102 kB
Γö£ ╞Æ /api/job-data/education-levels                 290 B         102 kB
Γö£ ╞Æ /api/job-data/education-levels/[id]            290 B         102 kB
Γö£ ╞Æ /api/job-data/education-levels/bulk-delete     290 B         102 kB
Γö£ ╞Æ /api/job-data/employment-types                 290 B         102 kB
Γö£ ╞Æ /api/job-data/employment-types/[id]            290 B         102 kB
Γö£ ╞Æ /api/job-data/employment-types/bulk-delete     290 B         102 kB
Γö£ ╞Æ /api/job-data/experience-levels                290 B         102 kB
Γö£ ╞Æ /api/job-data/experience-levels/[id]           290 B         102 kB
Γö£ ╞Æ /api/job-data/experience-levels/bulk-delete    290 B         102 kB
Γö£ ╞Æ /api/job-posts                                 290 B         102 kB
Γö£ ╞Æ /api/job-posts/[id]                            290 B         102 kB
Γö£ ╞Æ /api/job-posts/bulk-delete                     290 B         102 kB
Γö£ ╞Æ /api/job-tags                                  290 B         102 kB
Γö£ ╞Æ /api/job-tags/[id]                             290 B         102 kB
Γö£ ╞Æ /api/job-tags/bulk-delete                      290 B         102 kB
Γö£ ╞Æ /api/location/districts/[regencyId]            290 B         102 kB
Γö£ ╞Æ /api/location/provinces                        290 B         102 kB
Γö£ ╞Æ /api/location/regencies/[provinceId]           290 B         102 kB
Γö£ ╞Æ /api/location/villages/[districtId]            290 B         102 kB
Γö£ ╞Æ /api/pages                                     290 B         102 kB
Γö£ ╞Æ /api/pages/[id]                                290 B         102 kB
Γö£ ╞Æ /api/pages/bulk-delete                         290 B         102 kB
Γö£ ╞Æ /api/posts                                     290 B         102 kB
Γö£ ╞Æ /api/posts/[id]                                290 B         102 kB
Γö£ ╞Æ /api/posts/bulk-delete                         290 B         102 kB
Γö£ ╞Æ /api/public/posts                              290 B         102 kB
Γö£ ╞Æ /api/public/posts/[id]                         290 B         102 kB
Γö£ ╞Æ /api/settings/custom-post-types                290 B         102 kB
Γö£ ╞Æ /api/settings/custom-post-types/[slug]         290 B         102 kB
Γö£ ╞Æ /api/settings/profile                          290 B         102 kB
Γö£ ╞Æ /api/settings/profile/[userId]                 290 B         102 kB
Γö£ ╞Æ /api/settings/tokens                           290 B         102 kB
Γö£ ╞Æ /api/settings/tokens/[userId]                  290 B         102 kB
Γö£ ╞Æ /api/settings/tokens/delete/[tokenId]          290 B         102 kB
Γö£ ╞Æ /api/tags                                      290 B         102 kB
Γö£ ╞Æ /api/tags/[id]                                 290 B         102 kB
Γö£ ╞Æ /api/tags/bulk-delete                          290 B         102 kB
Γö£ ╞Æ /api/v1/categories                             290 B         102 kB
Γö£ ╞Æ /api/v1/categories/[id]                        290 B         102 kB
Γö£ ╞Æ /api/v1/job-posts                              290 B         102 kB
Γö£ ╞Æ /api/v1/job-posts/[id]                         290 B         102 kB
Γö£ ╞Æ /api/v1/job-posts/filters                      290 B         102 kB
Γö£ ╞Æ /api/v1/job-posts/sitemaps                     290 B         102 kB
Γö£ ╞Æ /api/v1/pages                                  290 B         102 kB
Γö£ ╞Æ /api/v1/pages/[id]                             290 B         102 kB
Γö£ ╞Æ /api/v1/posts                                  290 B         102 kB
Γö£ ╞Æ /api/v1/posts/[id]                             290 B         102 kB
Γö£ ╞Æ /api/v1/robots.txt                             290 B         102 kB
Γö£ ╞Æ /api/v1/settings                               290 B         102 kB
Γö£ ╞Æ /api/v1/settings/advertisements                290 B         102 kB
Γö£ ╞Æ /api/v1/settings/seo                           290 B         102 kB
Γö£ ╞Æ /api/v1/sitemaps                               290 B         102 kB
Γö£ ╞Æ /api/v1/sitemaps/[...path]                     290 B         102 kB
Γö£ ╞Æ /api/v1/sitemaps/generate                      290 B         102 kB
Γö£ ╞Æ /api/v1/tags                                   290 B         102 kB
Γö£ ╞Æ /api/v1/tags/[id]                              290 B         102 kB
Γö£ ╞Æ /categories                                  6.24 kB         187 kB
Γö£ ╞Æ /education-levels                            6.09 kB         187 kB
Γö£ ╞Æ /employment-types                               6 kB         187 kB
Γö£ ╞Æ /experience-levels                           6.32 kB         187 kB
Γö£ ╞Æ /job-categories                              6.26 kB         187 kB
Γö£ ╞Æ /job-posts                                   5.34 kB         202 kB
Γö£ ╞Æ /job-posts/edit/[id]                           459 B         343 kB
Γö£ ╞Æ /job-posts/new                                 440 B         343 kB
Γö£ ╞Æ /job-tags                                    2.67 kB         187 kB
Γö£ ╞Æ /pages                                       4.26 kB         198 kB
Γö£ ╞Æ /pages/edit/[id]                               375 B         328 kB
Γö£ ╞Æ /pages/new                                     356 B         328 kB
Γö£ ╞Æ /posts                                        4.9 kB         202 kB
Γö£ ╞Æ /posts/edit/[id]                               374 B         330 kB
Γö£ ╞Æ /posts/new                                     355 B         330 kB
Γö£ ╞Æ /settings                                     1.5 kB         116 kB
Γö£ ╞Æ /settings/advertisements                     7.79 kB         135 kB
Γö£ ╞Æ /settings/custom-post-types                  5.11 kB         125 kB
Γö£ ╞Æ /settings/profile                            4.78 kB         148 kB
Γö£ ╞Æ /settings/robots                               290 B         102 kB
Γö£ ╞Æ /settings/seo                                5.88 kB         128 kB
Γö£ ╞Æ /settings/tokens                             7.09 kB         191 kB
Γö£ ╞Æ /sign-in/[[...sign-in]]                        408 B         136 kB
Γö£ ╞Æ /sign-up/[[...sign-up]]                        408 B         136 kB
Γöö ╞Æ /tags                                        2.64 kB         187 kB
+ First Load JS shared by all                     102 kB
  Γö£ chunks/1255-01d21307218d816a.js              45.6 kB
  Γö£ chunks/4bd1b696-100b9d70ed4e49c1.js          54.2 kB
  Γöö other shared chunks (total)                  2.06 kB


Γùï  (Static)   prerendered as static content
╞Æ  (Dynamic)  server-rendered on demand

